root@ip-172-21-28-14:/home/ubuntu# tail -f /var/log/nginx/access.log
172.21.26.71 - - [06/Jun/2024:07:27:56 +0000] "GET /beauty/skincare/basicare-alp                                                                                                                     havedic-provalo-nytarra-haru_haru_wonder-vegetal-t_a_c_the_ayurveda_co-vilasa-so                                                                                                                     pure-vigini-beme-gynocup-kleenowipe-quikhenna-pee_safe-nyumi-femnora-narre-siron                                                                                                                     a-riverside_nectar-simrasa_luxuries-icawnic-malibu-moody-cos_iq-febbeu-nutriglow                                                                                                                     -preethys_boutique-bioreva-alziba_cares-kairali-mcaffeine-dvaar-morish_botanical                                                                                                                     s-goli_soda-hairmac.html HTTP/1.1" 200 31 "-" "Mozilla/5.0 AppleWebKit/537.36 (K                                                                                                                     HTML, like Gecko; compatible; GPTBot/1.0; +https://openai.com/gptbot)" "52.233.1                                                                                                                     06.132, 23.44.98.117, 23.203.164.16"
172.21.61.111 - - [06/Jun/2024:07:27:56 +0000] "GET /pub/up.html HTTP/1.1" 200 1                                                                                                                     4 "-" "ELB-HealthChecker/2.0" "-"
172.21.61.111 - - [06/Jun/2024:07:27:56 +0000] "GET / HTTP/1.1" 499 0 "-" "Amazo                                                                                                                     n-Route53-Health-Check-Service (ref ab34e48b-c428-4863-bc2b-01b032b2536e; report                                                                                                                      http://amzn.to/1vsZADi)" "15.177.10.53"
172.21.5.172 - - [06/Jun/2024:07:27:57 +0000] "GET /pub/up.html HTTP/1.1" 200 14                                                                                                                      "-" "ELB-HealthChecker/2.0" "-"
172.21.90.149 - - [06/Jun/2024:07:27:57 +0000] "GET /beauty/basicare-alphavedic-                                                                                                                     mirabela-the_glow_rituals-provalo-nytarra-haru_haru_wonder-narre-vegetal-t_a_c_t                                                                                                                     he_ayurveda_co-vilasa-sopure-vigini-beme-moraze-gynocup-kleenowipe-quikhenna-mil                                                                                                                     agro_beauty-cultivators-moody-azafran-iora-mellow-pulpveda-strictly_organics.htm                                                                                                                     l HTTP/1.1" 200 31 "-" "Mozilla/5.0 AppleWebKit/537.36 (KHTML, like Gecko; compa                                                                                                                     tible; GPTBot/1.0; +https://openai.com/gptbot)" "52.233.106.132, 23.44.98.117, 2                                                                                                                     3.46.28.47"
172.21.65.101 - - [06/Jun/2024:07:27:57 +0000] "GET /pub/up.html HTTP/1.1" 200 1                                                                                                                     4 "-" "ELB-HealthChecker/2.0" "-"
172.21.46.236 - - [06/Jun/2024:07:27:57 +0000] "GET /pub/up.html HTTP/1.1" 200 1                                                                                                                     4 "-" "ELB-HealthChecker/2.0" "-"
172.21.65.101 - - [06/Jun/2024:07:27:58 +0000] "GET /beauty/skincare/alphavedic-                                                                                                                     fernweh-roopayur-ajmal-mellow-nytarra-haru_haru_wonder-vegetal-sopure-c2p_pro-st                                                                                                                     ylideas-nyor-luluandsky-nyumi-a_fragrance_story-maea-etsley-riverside_nectar-gyn                                                                                                                     ocup-simrasa_luxuries-otrix-preethys_boutique-febbeu-kausmi-mildcares-sirona-tva                                                                                                                     m-iora-anveya-gk_hair-evloy-siachen-myra_veda_luxury_essentials-the_skog.html HT                                                                                                                     TP/1.1" 200 31 "-" "Mozilla/5.0 AppleWebKit/537.36 (KHTML, like Gecko; compatibl                                                                                                                     e; GPTBot/1.0; +https://openai.com/gptbot)" "52.233.106.132, 23.44.98.117, 23.20                                                                                                                     3.164.26"
172.21.90.149 - - [06/Jun/2024:07:27:58 +0000] "GET /pub/up.html HTTP/1.1" 200 1                                                                                                                     4 "-" "ELB-HealthChecker/2.0" "-"
172.21.26.71 - - [06/Jun/2024:07:27:58 +0000] "GET /pub/up.html HTTP/1.1" 200 14                                                                                                                      "-" "ELB-HealthChecker/2.0" "-"
172.21.26.71 - - [06/Jun/2024:07:27:59 +0000] "GET /beauty/lip_scrub-leave_in_ha                                                                                                                     ir_cream-lip_balm-eye_mask-body_polishing_oil-skinchemists-azafran-basicare-alph                                                                                                                     avedic-siachen-priveda-mcaffeine-a_fragrance_story.html HTTP/1.1" 200 31 "-" "Mo                                                                                                                     zilla/5.0 AppleWebKit/537.36 (KHTML, like Gecko; compatible; GPTBot/1.0; +https:                                                                                                                     //openai.com/gptbot)" "52.233.106.132, 23.44.98.117, 23.53.123.89"
172.21.89.198 - - [06/Jun/2024:07:27:59 +0000] "GET /pub/up.html HTTP/1.1" 200 1                                                                                                                     4 "-" "ELB-HealthChecker/2.0" "-"
172.21.65.101 - - [06/Jun/2024:07:28:00 +0000] "GET /accessories/brown-silver-ka                                                                                                                     lakari.html HTTP/1.1" 200 31 "-" "Mozilla/5.0 (compatible; SemrushBot/7~bl; +htt                                                                                                                     p://www.semrush.com/bot.html)" "85.208.96.202, 23.220.106.133, 23.201.31.205"
172.21.5.172 - - [06/Jun/2024:07:28:00 +0000] "GET /beauty/skincare/alphavedic-a                                                                                                                     jmal-provalo-nytarra-haru_haru_wonder-vegetal-vilasa-sopure-vigini-beme-gynocup-                                                                                                                     kleenowipe-quikhenna-nyumi-mellow-alziba_cares-icawnic-kairali-maea-mcaffeine-ev                                                                                                                     loy-nutriglow-shopaarel-urban_veda-rustic_art-st_botanica-dvaar-anuved-azafran-m                                                                                                                     gmeowgirl-ihr_essentials-paul_penders.html HTTP/1.1" 200 31 "-" "Mozilla/5.0 App                                                                                                                     leWebKit/537.36 (KHTML, like Gecko; compatible; GPTBot/1.0; +https://openai.com/                                                                                                                     gptbot)" "52.233.106.132, 23.44.98.117, 10.88.207.135, 104.88.207.146"
172.21.61.111 - - [06/Jun/2024:07:28:00 +0000] "GET /beauty/beme-ajmal-mrija-tva                                                                                                                     m-tjori-love_earth.html HTTP/1.1" 200 31 "-" "Mozilla/5.0 (Macintosh; Intel Mac                                                                                                                      OS X 10_10_1) AppleWebKit/600.2.5 (KHTML, like Gecko) Version/8.0.2 Safari/600.2                                                                                                                     .5 (Amazonbot/0.1; +https://developer.amazon.com/support/amazonbot)" "3.224.220.                                                                                                                     101, 23.48.100.177, 23.46.239.54"
172.21.61.111 - - [06/Jun/2024:07:28:02 +0000] "GET /akamai/sureroute-test-objec                                                                                                                     t.html HTTP/1.1" 200 3986 "-" "-" "127.0.0.1, 23.220.106.155"
172.21.90.149 - - [06/Jun/2024:07:28:02 +0000] "GET /customscript/predispatch/bl                                                                                                                     uedart.php HTTP/1.1" 200 35 "-" "curl/7.47.0" "3.228.98.121, 23.220.106.155"
172.21.65.101 - - [06/Jun/2024:07:28:02 +0000] "GET /customscript/quotes.php?a=1                                                                                                                      HTTP/1.1" 200 62 "-" "curl/7.47.0" "3.228.98.121, 23.220.106.155"
172.21.61.111 - - [06/Jun/2024:07:28:04 +0000] "GET /customscript/predispatch/xpressbeez.php HTTP/1.1" 200 827 "-" "curl/7.47.0" "3.228.98.121, 23.220.106.155"
172.21.61.111 - - [06/Jun/2024:07:28:06 +0000] "GET /pub/up.html HTTP/1.1" 200 14 "-" "ELB-HealthChecker/2.0" "-"
172.21.5.172 - - [06/Jun/2024:07:28:07 +0000] "GET /pub/up.html HTTP/1.1" 200 14 "-" "ELB-HealthChecker/2.0" "-"
172.21.61.111 - - [06/Jun/2024:07:28:07 +0000] "GET /sale/purple-white.html HTTP/1.1" 200 31 "-" "Mozilla/5.0 (compatible; SemrushBot/7~bl; +http://www.semrush.com/bot.html)" "85.208.96.193, 23.220.106.140, 23.201.31.173"
172.21.65.101 - - [06/Jun/2024:07:28:07 +0000] "GET /pub/up.html HTTP/1.1" 200 14 "-" "ELB-HealthChecker/2.0" "-"
172.21.46.236 - - [06/Jun/2024:07:28:08 +0000] "GET /pub/up.html HTTP/1.1" 200 14 "-" "ELB-HealthChecker/2.0" "-"
172.21.90.149 - - [06/Jun/2024:07:28:08 +0000] "GET /pub/up.html HTTP/1.1" 200 14 "-" "ELB-HealthChecker/2.0" "-"
172.21.26.71 - - [06/Jun/2024:07:28:08 +0000] "GET /pub/up.html HTTP/1.1" 200 14 "-" "ELB-HealthChecker/2.0" "-"
172.21.26.71 - - [06/Jun/2024:07:28:09 +0000] "GET /beauty/skincare/body/basicare-alphavedic-ajmal-provalo-nytarra-haru_haru_wonder-naturecave-vegetal-vilasa-sopure-vigini-gynocup-kleenowipe-quikhenna-pee_safe-nyumi-noiant-pulpveda-mellow-tvam-strictly_organics-morish_botanicals-frescia-batti_and_co-narre-maea-urban_veda-tjori-malibu-milagro_beauty-all_good_scents-luxaderme_new_york-roopayur-mgmeowgirl.html HTTP/1.1" 200 31 "-" "Mozilla/5.0 AppleWebKit/537.36 (KHTML, like Gecko; compatible; GPTBot/1.0; +https://openai.com/gptbot)" "52.233.106.132, 23.44.98.117, 23.53.123.89"
172.21.46.236 - - [06/Jun/2024:07:28:09 +0000] "GET / HTTP/1.1" 302 31 "-" "Amazon-Route53-Health-Check-Service (ref ab34e48b-c428-4863-bc2b-01b032b2536e; report http://amzn.to/1vsZADi)" "15.177.26.210"
172.21.89.198 - - [06/Jun/2024:07:28:09 +0000] "GET /pub/up.html HTTP/1.1" 200 14 "-" "ELB-HealthChecker/2.0" "-"
172.21.26.71 - - [06/Jun/2024:07:28:10 +0000] "GET / HTTP/1.1" 302 31 "-" "Amazon-Route53-Health-Check-Service (ref ab34e48b-c428-4863-bc2b-01b032b2536e; report http://amzn.to/1vsZADi)" "15.177.58.164"
172.21.90.149 - - [06/Jun/2024:07:28:10 +0000] "GET /mellow-hair-nourishing-pack-for-deep-nourishment-of-hair-and-promotes-shiny-and-healthy-hair-hairpack.html HTTP/1.1" 500 124 "-" "Mozilla/5.0 (compatible; Googlebot/2.1; +http://www.google.com/bot.html)" "66.249.79.37, 23.200.82.11, 23.202.113.5"
172.21.46.236 - - [06/Jun/2024:07:28:10 +0000] "GET /blue-bandeau-mini-denim-dress.html?utm_source=facebook&utm_medium=cpc&utm_campaign=other-database-product-dpa&fbclid=IwAR3MMoUiSSdqxZv0919SsRr6NDdac99rlKODnktyzpDaPYiXiKPUCfTpN4s_aem_AQjbrRrOtYhVfCWHNblurjpGJsd-NYPPyD3CpG9qvQ6JoCGEUPlPLgsEduYEjO8mu5Zg1xQAHuXno5bQtAPtt_Kr HTTP/1.1" 500 124 "http://m.facebook.com" "Mozilla/5.0 (iPhone; CPU iPhone OS 17_2_1 like Mac OS X) AppleWebKit/605.1.15 (KHTML, like Gecko) Mobile/21C66 [FBAN/FBIOS;FBAV/463.0.4.49.101;FBBV/597123453;FBDV/iPhone14,5;FBMD/iPhone;FBSN/iOS;FBSV/17.2.1;FBSS/3;FBID/phone;FBLC/en_US;FBOP/5;FBRV/601324115]" "115.98.232.201, 23.210.93.62, 96.17.150.38"
172.21.90.149 - - [06/Jun/2024:07:28:11 +0000] "GET /have-some-more-black-makeup-brushes-set-of-7.html HTTP/1.1" 500 124 "-" "Mozilla/5.0 (Linux; Android 6.0.1; Nexus 5X Build/MMB29P) AppleWebKit/537.36 (KHTML, like Gecko) Chrome/125.0.6422.141 Mobile Safari/537.36 (compatible; Googlebot/2.1; +http://www.google.com/bot.html)" "66.249.79.37, 23.199.233.207, 23.45.45.152"
172.21.46.236 - - [06/Jun/2024:07:28:11 +0000] "GET /apple-touch-icon-120x120-precomposed.png HTTP/1.1" 302 31 "-" "SafariViewService/8618.1.15.10.15 CFNetwork/1494.0.7 Darwin/23.4.0" "172.225.201.7"
172.21.65.101 - - [06/Jun/2024:07:28:11 +0000] "GET /women/maxi_dresses-cycling_short-blouses-vests_and_camis-corset_dresses-straight_jeans-pink-black-grey.html HTTP/1.1" 500 526 "-" "facebookexternalhit/1.1 (+http://www.facebook.com/externalhit_uatext.php)" "69.171.249.10, 23.220.106.133, 23.48.100.68"
172.21.46.236 - - [06/Jun/2024:07:28:11 +0000] "GET /women/corsets_tube_tops-cold_shoulder_tops-non_padded-thongbody-midi_skirts-ripped_jeans-straight_jeans.html?product_list_dir=desc&product_list_order=special_price HTTP/1.1" 500 526 "-" "facebookexternalhit/1.1 (+http://www.facebook.com/externalhit_uatext.php)" "173.252.107.5, 23.220.106.155, 23.48.100.171"
172.21.5.172 - - [06/Jun/2024:07:28:11 +0000] "GET /beauty/skincare/body/febbeu-paul_penders-rustic_art-vigini-skin_yoga-the_skog-luxaderme_new_york.html HTTP/1.1" 500 526 "-" "facebookexternalhit/1.1 (+http://www.facebook.com/externalhit_uatext.php)" "173.252.83.32, 23.33.89.181, 23.39.237.174"
172.21.46.236 - - [06/Jun/2024:07:28:11 +0000] "GET /beauty/skincare/face/nyumi-mrija-elynn-elitty-quikhenna-nytarra-vigini-mirabela-femnora-pulpveda-iora-roopayur-paul_penders-aadiva-zobha-azafran-winstonindia-ras_luxury_oils-mgmeowgirl-bare_minimum-mystic_valley-nutriglow-kleenowipe.html HTTP/1.1" 500 526 "-" "Mozilla/5.0 (Linux; Android 6.0.1; Nexus 5X Build/MMB29P) AppleWebKit/537.36 (KHTML, like Gecko) Chrome/125.0.6422.141 Mobile Safari/537.36 (compatible; GoogleOther)" "66.249.79.33, 23.217.119.135, 23.45.45.188"
172.21.65.101 - - [06/Jun/2024:07:28:11 +0000] "GET /premium-collection/tops/corset_dresses-t_shirts-wrap_dresses.html HTTP/1.1" 500 524 "-" "Mozilla/5.0 (compatible; DataForSeoBot/1.0; +https://dataforseo.com/dataforseo-bot)" "136.243.220.210, 2.17.197.110, 23.220.180.63"
172.21.90.149 - - [06/Jun/2024:07:28:11 +0000] "GET /women/corsets_tube_tops-non_padded-dressing_gowns_robes-baggy_jeans-sarong-midi_skirts-vests-wrap_dresses-boyleg-t_shirts.html HTTP/1.1" 500 527 "-" "facebookexternalhit/1.1 (+http://www.facebook.com/externalhit_uatext.php)" "173.252.83.36, 23.33.89.178, 104.93.21.156"
172.21.5.172 - - [06/Jun/2024:07:28:12 +0000] "GET /trends/vests-sets-gold-red.html HTTP/1.1" 200 31 "-" "Mozilla/5.0 (compatible; SemrushBot/7~bl; +http://www.semrush.com/bot.html)" "85.208.96.212, 23.220.106.140, 23.48.100.81"
172.21.90.149 - - [06/Jun/2024:07:28:12 +0000] "GET /beauty/beme-ajmal-mrija-tvam-elynn-riyo_herbs.html HTTP/1.1" 200 31 "-" "Mozilla/5.0 (Macintosh; Intel Mac OS X 10_10_1) AppleWebKit/600.2.5 (KHTML, like Gecko) Version/8.0.2 Safari/600.2.5 (Amazonbot/0.1; +https://developer.amazon.com/support/amazonbot)" "52.70.240.171, 23.48.100.172, 23.201.31.207"
172.21.5.172 - - [06/Jun/2024:07:28:13 +0000] "GET /beauty/personal-care/hygiene/rs_0_200-basicare-alphavedic-provalo-nytarra-haru_haru_wonder-vegetal-vilasa-sopure-vigini-gynocup-kleenowipe-quikhenna-pee_safe-nyumi-beco-dot_and_key-iora-riverside_nectar-anuved-makeup_eraser-stylideas-hairmac-femnora-cultivators-roopayur.html HTTP/1.1" 500 526 "-" "Mozilla/5.0 AppleWebKit/537.36 (KHTML, like Gecko; compatible; bingbot/2.0; +http://www.bing.com/bingbot.htm) Chrome/116.0.1938.76 Safari/537.36" "40.77.167.28, 23.44.98.123, 104.88.207.138"
172.21.46.236 - - [06/Jun/2024:07:28:13 +0000] "GET /apple-touch-icon-120x120.png HTTP/1.1" 302 31 "-" "SafariViewService/8618.1.15.10.15 CFNetwork/1494.0.7 Darwin/23.4.0" "172.225.201.7"
172.21.46.236 - - [06/Jun/2024:07:28:13 +0000] "GET /multi-pocketed-straight-black-pants.html HTTP/1.1" 500 124 "-" "Mozilla/5.0 (Linux; Android 6.0.1; Nexus 5X Build/MMB29P) AppleWebKit/537.36 (KHTML, like Gecko) Chrome/125.0.6422.141 Mobile Safari/537.36 (compatible; Googlebot/2.1; +http://www.google.com/bot.html)" "66.249.79.37, 23.200.82.11, 23.220.165.11"
172.21.5.172 - - [06/Jun/2024:07:28:13 +0000] "GET /premium-collection/corset_dresses-t_shirts-wrap_dresses-shirts.html HTTP/1.1" 500 526 "-" "Mozilla/5.0 (compatible; DataForSeoBot/1.0; +https://dataforseo.com/dataforseo-bot)" "136.243.220.210, 2.17.197.110, 23.220.180.38"
172.21.90.149 - - [06/Jun/2024:07:28:14 +0000] "GET /beauty/skincare/body/basicare-alphavedic-provalo-nytarra-haru_haru_wonder-vegetal-t_a_c_the_ayurveda_co-vilasa-sopure-vigini-beme-moraze-gynocup-kleenowipe-quikhenna-pee_safe-nyumi-femnora-narre-riverside_nectar-simrasa_luxuries-icawnic-malibu-moody-cos_iq-nutriglow-preethys_boutique-bioreva-alziba_cares-detoxie-tnw_the_natural_wash-kairali.html HTTP/1.1" 200 31 "-" "Mozilla/5.0 AppleWebKit/537.36 (KHTML, like Gecko; compatible; GPTBot/1.0; +https://openai.com/gptbot)" "52.233.106.132, 23.44.98.117, 23.46.28.47"
172.21.61.111 - - [06/Jun/2024:07:28:14 +0000] "GET /beauty/skincare/basicare-alphavedic-fernweh-roopayur-ajmal-nytarra-haru_haru_wonder-vegetal-vilasa-sopure-c2p_pro-stylideas-kairali-thrift_hair_bazaar-nyor-luluandsky-nyumi-a_fragrance_story-maea-etsley-riverside_nectar-gynocup-simrasa_luxuries-otrix-preethys_boutique-febbeu-kausmi-mildcares-sirona-tvam-iora-cultivators-tjori-mgmeowgirl-the_human_care-femnora-anveya.html HTTP/1.1" 500 527 "-" "Mozilla/5.0 AppleWebKit/537.36 (KHTML, like Gecko; compatible; bingbot/2.0; +http://www.bing.com/bingbot.htm) Chrome/116.0.1938.76 Safari/537.36" "40.77.167.28, 23.44.98.123, 23.46.28.67"
172.21.65.101 - - [06/Jun/2024:07:28:14 +0000] "GET /black-classic-v-hem-corset.html HTTP/1.1" 500 124 "-" "Mozilla/5.0 (Linux; Android 6.0.1; Nexus 5X Build/MMB29P) AppleWebKit/537.36 (KHTML, like Gecko) Chrome/125.0.6422.141 Mobile Safari/537.36 (compatible; Googlebot/2.1; +http://www.google.com/bot.html)" "66.249.79.37, 23.200.82.11, 23.220.165.15"
172.21.46.236 - - [06/Jun/2024:07:28:15 +0000] "GET /premium-collection/retro_sunglasses-mom_jeans-boyleg-shirt_dresses.html HTTP/1.1" 500 527 "-" "Mozilla/5.0 (compatible; DataForSeoBot/1.0; +https://dataforseo.com/dataforseo-bot)" "136.243.220.210, 2.17.197.110, 23.220.180.44"
172.21.90.149 - - [06/Jun/2024:07:28:15 +0000] "GET /apple-touch-icon-precomposed.png HTTP/1.1" 302 31 "-" "SafariViewService/8618.1.15.10.15 CFNetwork/1494.0.7 Darwin/23.4.0" "172.225.201.7"
172.21.5.172 - - [06/Jun/2024:07:28:15 +0000] "GET /beauty/skincare/basicare-alphavedic-ajmal-provalo-nytarra-haru_haru_wonder-vegetal-t_a_c_the_ayurveda_co-vilasa-sopure-vigini-beme-moraze-gynocup-kleenowipe-quikhenna-pee_safe-femnora-narre-riverside_nectar-simrasa_luxuries-icawnic-aadiva-preethys_boutique-indulgeo_essentials-mikami-elynn-khadi_essentials-frescia-kausmi.html HTTP/1.1" 500 527 "-" "Mozilla/5.0 AppleWebKit/537.36 (KHTML, like Gecko; compatible; bingbot/2.0; +http://www.bing.com/bingbot.htm) Chrome/116.0.1938.76 Safari/537.36" "40.77.167.28, 23.44.98.123, 23.53.123.91"
172.21.90.149 - - [06/Jun/2024:07:28:15 +0000] "GET /pub/static/frontend/LuluSky/Vintage/en_US/Magento_Ui/templates/modal/modal-popup.html HTTP/1.1" 304 0 "https://www.luluandsky.com/summery-vibes-pink-chiffon-polka-dot-dress.html" "AdsBot-Google (+http://www.google.com/adsbot.html)" "72.14.199.161, 23.36.15.199, 23.220.165.18"
172.21.5.172 - - [06/Jun/2024:07:28:16 +0000] "POST /app/etc/config.php HTTP/1.1" 200 31 "-" "-" "44.210.151.39, 23.220.106.133, 23.48.200.164"
172.21.61.111 - - [06/Jun/2024:07:28:16 +0000] "GET /admin_m2sg/indexer/indexer/list/key/f664cdbf6da23e6922e48f8c98e80dc0bc11f4da1dd2a805ad1ccfb16ccaf79b/ HTTP/1.1" 200 30905 "https://www.luluandsky.com/admin_m2sg/indexer/indexer/list/key/f664cdbf6da23e6922e48f8c98e80dc0bc11f4da1dd2a805ad1ccfb16ccaf79b/" "Mozilla/5.0 (Macintosh; Intel Mac OS X 10_15_7) AppleWebKit/537.36 (KHTML, like Gecko) Chrome/125.0.0.0 Safari/537.36" "152.52.20.98, 96.17.169.46, 23.32.16.91"
172.21.61.111 - - [06/Jun/2024:07:28:16 +0000] "GET /purple-satin-backless-maxi-dress.html HTTP/1.1" 500 124 "-" "Mozilla/5.0 (Linux; Android 6.0.1; Nexus 5X Build/MMB29P) AppleWebKit/537.36 (KHTML, like Gecko) Chrome/125.0.6422.141 Mobile Safari/537.36 (compatible; Googlebot/2.1; +http://www.google.com/bot.html)" "66.249.79.37, 23.200.82.11, 23.60.173.36"
172.21.61.111 - - [06/Jun/2024:07:28:16 +0000] "GET /pub/up.html HTTP/1.1" 200 14 "-" "ELB-HealthChecker/2.0" "-"
172.21.90.149 - - [06/Jun/2024:07:28:16 +0000] "GET /premium-collection/culottes-asymmetrical_dresses-padded-corsets_tube_tops.html HTTP/1.1" 500 527 "-" "Mozilla/5.0 (compatible; DataForSeoBot/1.0; +https://dataforseo.com/dataforseo-bot)" "136.243.220.210, 2.17.197.110, 23.220.180.14"
172.21.5.172 - - [06/Jun/2024:07:28:16 +0000] "GET /kids-shampoo.html HTTP/1.1" 500 124 "-" "Mozilla/5.0 (compatible; Googlebot/2.1; +http://www.google.com/bot.html)" "66.249.79.37, 23.200.82.11, 10.60.173.20, 23.60.173.29"
172.21.90.149 - - [06/Jun/2024:07:28:16 +0000] "GET /apple-touch-icon.png HTTP/1.1" 302 31 "-" "SafariViewService/8618.1.15.10.15 CFNetwork/1494.0.7 Darwin/23.4.0" "172.225.201.7"
172.21.5.172 - - [06/Jun/2024:07:28:17 +0000] "GET /pub/up.html HTTP/1.1" 200 14 "-" "ELB-HealthChecker/2.0" "-"
172.21.5.172 - - [06/Jun/2024:07:28:17 +0000] "GET /beauty/skincare/basicare-alphavedic-ajmal-provalo-nytarra-vegetal-t_a_c_the_ayurveda_co-vilasa-sopure-beme-gynocup-quikhenna-pee_safe-nyumi-amayra_natural-beco-femnora-narre-riverside_nectar-icawnic-mrija-organic_harvest-vigini-mikami-indulgeo_essentials-azafran-arganicare-rustic_art.html HTTP/1.1" 500 526 "-" "Mozilla/5.0 AppleWebKit/537.36 (KHTML, like Gecko; compatible; bingbot/2.0; +http://www.bing.com/bingbot.htm) Chrome/116.0.1938.76 Safari/537.36" "40.77.167.28, 23.44.98.123, 104.88.207.141"
172.21.26.71 - - [06/Jun/2024:07:28:17 +0000] "GET / HTTP/1.1" 302 31 "-" "Amazon-Route53-Health-Check-Service (ref ab34e48b-c428-4863-bc2b-01b032b2536e; report http://amzn.to/1vsZADi)" "15.177.2.47"
172.21.46.236 - - [06/Jun/2024:07:28:17 +0000] "GET /akamai/sureroute-test-object.html HTTP/1.1" 200 3986 "-" "-" "127.0.0.1, 23.36.15.199, 23.48.100.177"
172.21.90.149 - - [06/Jun/2024:07:28:17 +0000] "GET /premium-collection/corset_dresses-t_shirts-wrap_dresses-caps.html HTTP/1.1" 500 527 "-" "Mozilla/5.0 (compatible; DataForSeoBot/1.0; +https://dataforseo.com/dataforseo-bot)" "136.243.220.210, 2.17.197.110, 23.220.180.69"
172.21.65.101 - - [06/Jun/2024:07:28:17 +0000] "GET /pub/up.html HTTP/1.1" 200 14 "-" "ELB-HealthChecker/2.0" "-"
172.21.46.236 - - [06/Jun/2024:07:28:18 +0000] "GET /pub/up.html HTTP/1.1" 200 14 "-" "ELB-HealthChecker/2.0" "-"
172.21.90.149 - - [06/Jun/2024:07:28:18 +0000] "GET /pub/up.html HTTP/1.1" 200 14 "-" "ELB-HealthChecker/2.0" "-"
172.21.26.71 - - [06/Jun/2024:07:28:18 +0000] "GET /pub/up.html HTTP/1.1" 200 14 "-" "ELB-HealthChecker/2.0" "-"
172.21.90.149 - - [06/Jun/2024:07:28:18 +0000] "GET /favicon.ico HTTP/1.1" 302 31 "-" "SafariViewService/8618.1.15.10.15 CFNetwork/1494.0.7 Darwin/23.4.0" "172.225.201.7"
172.21.90.149 - - [06/Jun/2024:07:28:18 +0000] "GET /fuschia-pomegranate-pearls-face-body-exfoliating-scrub.html HTTP/1.1" 500 124 "-" "Mozilla/5.0 (compatible; Googlebot/2.1; +http://www.google.com/bot.html)" "66.249.79.37, 23.200.82.11, 23.202.113.13"
172.21.5.172 - - [06/Jun/2024:07:28:18 +0000] "GET /pink-seamless-open-back-jumpsuit.html HTTP/1.1" 500 124 "-" "Mozilla/5.0 (compatible; Googlebot/2.1; +http://www.google.com/bot.html)" "66.249.79.37, 23.200.82.11, 23.45.45.140"
172.21.65.101 - - [06/Jun/2024:07:28:18 +0000] "GET /premium-collection/corset_dresses-t_shirts-wrap_dresses-jumpsuits.html HTTP/1.1" 500 526 "-" "Mozilla/5.0 (compatible; DataForSeoBot/1.0; +https://dataforseo.com/dataforseo-bot)" "136.243.220.210, 2.17.197.110, 23.220.180.36"
172.21.61.111 - - [06/Jun/2024:07:28:18 +0000] "GET /admin_m2sg/vendors/premiumorder/downloadreport/key/eed1f98c92cf8ce5bc7dd623cacddd90f3e25bc7d67e1fa187d62135595f6a30/ HTTP/1.1" 200 72503 "https://www.luluandsky.com/admin_m2sg/vendors/premiumorder/downloadreport/key/eed1f98c92cf8ce5bc7dd623cacddd90f3e25bc7d67e1fa187d62135595f6a30/" "Mozilla/5.0 (Windows NT 10.0; Win64; x64) AppleWebKit/537.36 (KHTML, like Gecko) Chrome/125.0.0.0 Safari/537.36" "152.52.20.98, 96.17.169.46, 23.201.31.167"
172.21.46.236 - - [06/Jun/2024:07:28:19 +0000] "GET /beauty/skincare/basicare-alphavedic-ajmal-provalo-nytarra-haru_haru_wonder-vegetal-t_a_c_the_ayurveda_co-sopure-vigini-moraze-gynocup-kleenowipe-quikhenna-pee_safe-amayra_natural-femnora-simrasa_luxuries-icawnic-aadiva-malibu-preethys_boutique-juicy_chemistry-noiant.html HTTP/1.1" 500 525 "-" "Mozilla/5.0 AppleWebKit/537.36 (KHTML, like Gecko; compatible; bingbot/2.0; +http://www.bing.com/bingbot.htm) Chrome/116.0.1938.76 Safari/537.36" "40.77.167.28, 23.44.98.123, 23.203.164.23"
172.21.46.236 - - [06/Jun/2024:07:28:19 +0000] "GET /customer/section/load/?sections=cart&force_new_section_timestamp=true&_=1717658891056 HTTP/1.1" 200 230 "https://www.luluandsky.com/summery-vibes-pink-chiffon-polka-dot-dress.html" "AdsBot-Google (+http://www.google.com/adsbot.html)" "72.14.199.161, 23.36.15.199, 23.48.100.172"
172.21.90.149 - - [06/Jun/2024:07:28:19 +0000] "GET /apple-touch-icon-120x120-precomposed.png HTTP/1.1" 302 31 "-" "SafariViewService/8618.1.15.10.15 CFNetwork/1494.0.7 Darwin/23.4.0" "172.225.201.7"
172.21.61.111 - - [06/Jun/2024:07:28:19 +0000] "GET /akamai/sureroute-test-object.html HTTP/1.1" 200 3986 "-" "-" "127.0.0.1, 69.192.1.38"
172.21.61.111 - - [06/Jun/2024:07:28:19 +0000] "GET /pub/static/adminhtml/Magento/backend/en_US/Magento_Ui/templates/modal/modal-component.html HTTP/1.1" 304 0 "https://www.luluandsky.com/admin_m2sg/indexer/indexer/list/key/f664cdbf6da23e6922e48f8c98e80dc0bc11f4da1dd2a805ad1ccfb16ccaf79b/" "Mozilla/5.0 (Macintosh; Intel Mac OS X 10_15_7) AppleWebKit/537.36 (KHTML, like Gecko) Chrome/125.0.0.0 Safari/537.36" "152.52.20.98, 96.17.169.46, 104.91.59.230"
172.21.89.198 - - [06/Jun/2024:07:28:19 +0000] "GET /pub/up.html HTTP/1.1" 200 14 "-" "ELB-HealthChecker/2.0" "-"
172.21.5.172 - - [06/Jun/2024:07:28:20 +0000] "GET /low-waisted-dusty-pink-fs-thong.html HTTP/1.1" 500 124 "-" "Mozilla/5.0 (compatible; Googlebot/2.1; +http://www.google.com/bot.html)" "66.249.79.37, 23.200.82.11, 23.45.45.140"
172.21.5.172 - - [06/Jun/2024:07:28:20 +0000] "POST /app/etc/config.php HTTP/1.1" 200 31 "-" "-" "44.210.151.39, 23.220.106.133, 23.48.200.164"
172.21.90.149 - - [06/Jun/2024:07:28:20 +0000] "GET /pub/static/adminhtml/Magento/backend/en_US/Magento_AsynchronousOperations/template/grid/listing.html HTTP/1.1" 304 0 "https://www.luluandsky.com/admin_m2sg/indexer/indexer/list/key/f664cdbf6da23e6922e48f8c98e80dc0bc11f4da1dd2a805ad1ccfb16ccaf79b/" "Mozilla/5.0 (Macintosh; Intel Mac OS X 10_15_7) AppleWebKit/537.36 (KHTML, like Gecko) Chrome/125.0.0.0 Safari/537.36" "152.52.20.98, 96.17.169.46, 104.91.59.247"
172.21.5.172 - - [06/Jun/2024:07:28:20 +0000] "GET /apple-touch-icon-120x120.png HTTP/1.1" 302 31 "-" "SafariViewService/8618.1.15.10.15 CFNetwork/1494.0.7 Darwin/23.4.0" "172.225.201.7"
172.21.61.111 - - [06/Jun/2024:07:28:20 +0000] "GET /admin_m2sg/mui/index/render/key/36ca45fb50b8d7e19c18a5c12c9433f1b1bb10ca790df913763b935ecd026c6b/?namespace=notification_area&sorting%5Bfield%5D=created_at&sorting%5Bdirection%5D=asc&isAjax=true HTTP/1.1" 200 607 "https://www.luluandsky.com/admin_m2sg/indexer/indexer/list/key/f664cdbf6da23e6922e48f8c98e80dc0bc11f4da1dd2a805ad1ccfb16ccaf79b/" "Mozilla/5.0 (Macintosh; Intel Mac OS X 10_15_7) AppleWebKit/537.36 (KHTML, like Gecko) Chrome/125.0.0.0 Safari/537.36" "152.52.20.98, 96.17.169.46, 23.32.16.83"
172.21.90.149 - - [06/Jun/2024:07:28:20 +0000] "GET /yellow-corset-fit-bustier-midi-dress.html HTTP/1.1" 500 124 "-" "Mozilla/5.0 (compatible; Googlebot/2.1; +http://www.google.com/bot.html)" "66.249.79.32, 23.200.82.11, 23.45.45.163"
172.21.26.71 - - [06/Jun/2024:07:28:20 +0000] "GET /premium-collection/culottes-asymmetrical_dresses-padded-flare_jeans.html HTTP/1.1" 500 525 "-" "Mozilla/5.0 (compatible; DataForSeoBot/1.0; +https://dataforseo.com/dataforseo-bot)" "136.243.220.210, 2.17.197.110, 23.220.180.30"
172.21.65.101 - - [06/Jun/2024:07:28:20 +0000] "GET /pub/static/adminhtml/Magento/backend/en_US/Magento_AdminNotification/template/grid/cells/message.html HTTP/1.1" 304 0 "https://www.luluandsky.com/admin_m2sg/indexer/indexer/list/key/f664cdbf6da23e6922e48f8c98e80dc0bc11f4da1dd2a805ad1ccfb16ccaf79b/" "Mozilla/5.0 (Macintosh; Intel Mac OS X 10_15_7) AppleWebKit/537.36 (KHTML, like Gecko) Chrome/125.0.0.0 Safari/537.36" "152.52.20.98, 96.17.169.46, 104.91.59.207"
172.21.65.101 - - [06/Jun/2024:07:28:21 +0000] "GET /pub/static/adminhtml/Magento/backend/en_US/Magento_AsynchronousOperations/template/grid/cells/actions.html HTTP/1.1" 304 0 "https://www.luluandsky.com/admin_m2sg/indexer/indexer/list/key/f664cdbf6da23e6922e48f8c98e80dc0bc11f4da1dd2a805ad1ccfb16ccaf79b/" "Mozilla/5.0 (Macintosh; Intel Mac OS X 10_15_7) AppleWebKit/537.36 (KHTML, like Gecko) Chrome/125.0.0.0 Safari/537.36" "152.52.20.98, 96.17.169.46, 104.91.59.245"
172.21.46.236 - - [06/Jun/2024:07:28:21 +0000] "GET /customer/section/load/?sections=cart&force_new_section_timestamp=false&_=1717658891057 HTTP/1.1" 200 231 "https://www.luluandsky.com/summery-vibes-pink-chiffon-polka-dot-dress.html" "AdsBot-Google (+http://www.google.com/adsbot.html)" "72.14.199.161, 23.36.15.199, 23.48.100.172"
172.21.90.149 - - [06/Jun/2024:07:28:21 +0000] "GET /apple-touch-icon-precomposed.png HTTP/1.1" 302 31 "-" "SafariViewService/8618.1.15.10.15 CFNetwork/1494.0.7 Darwin/23.4.0" "172.225.201.7"
172.21.90.149 - - [06/Jun/2024:07:28:21 +0000] "GET /apple-touch-icon.png HTTP/1.1" 302 31 "-" "SafariViewService/8618.1.15.10.15 CFNetwork/1494.0.7 Darwin/23.4.0" "172.225.201.7"
172.21.46.236 - - [06/Jun/2024:07:28:22 +0000] "GET /premium-collection/culottes-asymmetrical_dresses-padded-collars.html HTTP/1.1" 500 526 "-" "Mozilla/5.0 (compatible; DataForSeoBot/1.0; +https://dataforseo.com/dataforseo-bot)" "136.243.220.210, 2.17.197.110, 23.220.180.60"
172.21.65.101 - - [06/Jun/2024:07:28:22 +0000] "GET /love-will-find-its-way-pink-belt.html HTTP/1.1" 500 124 "-" "Mozilla/5.0 (Linux; Android 6.0.1; Nexus 5X Build/MMB29P) AppleWebKit/537.36 (KHTML, like Gecko) Chrome/125.0.6422.141 Mobile Safari/537.36 (compatible; Googlebot/2.1; +http://www.google.com/bot.html)" "66.249.79.37, 23.200.82.11, 23.220.165.15"
172.21.90.149 - - [06/Jun/2024:07:28:22 +0000] "GET /favicon.ico HTTP/1.1" 302 31 "-" "SafariViewService/8618.1.15.10.15 CFNetwork/1494.0.7 Darwin/23.4.0" "172.225.201.7"
172.21.90.149 - - [06/Jun/2024:07:28:22 +0000] "GET /heart-shape-hollow-back-denim-jumpsuit.html HTTP/1.1" 500 124 "-" "Mozilla/5.0 (compatible; Googlebot/2.1; +http://www.google.com/bot.html)" "66.249.79.32, 23.200.82.11, 23.202.113.13"
172.21.46.236 - - [06/Jun/2024:07:28:22 +0000] "GET /deals/hats-beige-blue-pink.html HTTP/1.1" 200 31 "-" "Mozilla/5.0 (compatible; SemrushBot/7~bl; +http://www.semrush.com/bot.html)" "185.191.171.11, 23.220.106.140, 23.48.100.170"
172.21.26.71 - - [06/Jun/2024:07:28:23 +0000] "GET / HTTP/1.1" 302 31 "-" "Amazon-Route53-Health-Check-Service (ref ab34e48b-c428-4863-bc2b-01b032b2536e; report http://amzn.to/1vsZADi)" "15.177.34.148"
172.21.5.172 - - [06/Jun/2024:07:28:23 +0000] "GET /beauty/skincare/basicare-mirabela-provalo-nytarra-haru_haru_wonder-narre-vegetal-t_a_c_the_ayurveda_co-vilasa-sopure-vigini-moraze-kleenowipe-quikhenna-pee_safe-milagro_beauty-kastoor-etsley-siachen-fuschia-simrasa_luxuries-elynn-paul_penders.html HTTP/1.1" 500 527 "-" "Mozilla/5.0 AppleWebKit/537.36 (KHTML, like Gecko; compatible; bingbot/2.0; +http://www.bing.com/bingbot.htm) Chrome/116.0.1938.76 Safari/537.36" "40.77.167.28, 23.44.98.123, 23.53.123.91"
172.21.5.172 - - [06/Jun/2024:07:28:23 +0000] "GET /admin_m2sg/indexer/indexer/reindex/id/catalogsearch_fulltext/key/937017714f6a5f9c33a22e6f5462193e0e28e53fb8920a7711821d8c9cd943d7/ HTTP/1.1" 302 31 "https://www.luluandsky.com/admin_m2sg/indexer/indexer/list/key/f664cdbf6da23e6922e48f8c98e80dc0bc11f4da1dd2a805ad1ccfb16ccaf79b/" "Mozilla/5.0 (Macintosh; Intel Mac OS X 10_15_7) AppleWebKit/537.36 (KHTML, like Gecko) Chrome/125.0.0.0 Safari/537.36" "152.52.20.98, 96.17.169.46"
172.21.65.101 - - [06/Jun/2024:07:28:23 +0000] "GET /criss-cross-red-belt.html HTTP/1.1" 500 124 "-" "Mozilla/5.0 (compatible; Googlebot/2.1; +http://www.google.com/bot.html)" "66.249.79.37, 23.200.82.11, 23.60.173.47"
172.21.90.149 - - [06/Jun/2024:07:28:23 +0000] "GET /blue-zip-fly-retro-flared-denim-jumpsuit.html HTTP/1.1" 500 124 "-" "Mozilla/5.0 (Linux; Android 6.0.1; Nexus 5X Build/MMB29P) AppleWebKit/537.36 (KHTML, like Gecko) Chrome/125.0.6422.141 Mobile Safari/537.36 (compatible; Googlebot/2.1; +http://www.google.com/bot.html)" "66.249.79.37, 23.200.82.11, 104.98.117.20"
172.21.61.111 - - [06/Jun/2024:07:28:24 +0000] "GET /flowers-on-my-mind-black-dress.html HTTP/1.1" 200 31 "-" "Mozilla/5.0 (compatible; SemrushBot/7~bl; +http://www.semrush.com/bot.html)" "85.208.96.209, 23.220.106.155, 23.201.31.204"
172.21.65.101 - - [06/Jun/2024:07:28:24 +0000] "GET /premium-collection/corset_dresses-t_shirts-wrap_dresses-shawl.html HTTP/1.1" 500 526 "-" "Mozilla/5.0 (compatible; DataForSeoBot/1.0; +https://dataforseo.com/dataforseo-bot)" "136.243.220.210, 2.17.197.110, 23.220.180.79"
172.21.61.111 - - [06/Jun/2024:07:28:24 +0000] "GET /admin_m2sg/indexer/indexer/list/key/f664cdbf6da23e6922e48f8c98e80dc0bc11f4da1dd2a805ad1ccfb16ccaf79b/ HTTP/1.1" 200 30958 "https://www.luluandsky.com/admin_m2sg/indexer/indexer/list/key/f664cdbf6da23e6922e48f8c98e80dc0bc11f4da1dd2a805ad1ccfb16ccaf79b/" "Mozilla/5.0 (Macintosh; Intel Mac OS X 10_15_7) AppleWebKit/537.36 (KHTML, like Gecko) Chrome/125.0.0.0 Safari/537.36" "152.52.20.98, 96.17.169.46, 23.201.31.167"
172.21.90.149 - - [06/Jun/2024:07:28:24 +0000] "GET /pub/static/frontend/LuluSky/Vintage/en_US/Magento_Captcha/template/checkout/captcha.html HTTP/1.1" 304 0 "https://www.luluandsky.com/summery-vibes-pink-chiffon-polka-dot-dress.html" "AdsBot-Google (+http://www.google.com/adsbot.html)" "72.14.199.161, 23.36.15.199, 104.98.117.20"
172.21.46.236 - - [06/Jun/2024:07:28:24 +0000] "GET /beauty/rs_1200_1400-basicare-alphavedic-ajmal-provalo-nytarra-haru_haru_wonder-naturecave-vilasa-sopure-vigini-moraze-gynocup-quikhenna-pee_safe-nyumi-noiant-pulpveda-maea-hairmac-kerala_naturals-goli_soda-mrija-aadiva.html HTTP/1.1" 500 526 "-" "Mozilla/5.0 AppleWebKit/537.36 (KHTML, like Gecko; compatible; bingbot/2.0; +http://www.bing.com/bingbot.htm) Chrome/116.0.1938.76 Safari/537.36" "40.77.167.28, 23.44.98.123, 10.46.28.55, 23.46.28.40"
172.21.61.111 - - [06/Jun/2024:07:28:25 +0000] "GET /customscript/sr_shipment.php HTTP/1.1" 200 5353 "-" "curl/7.47.0" "3.228.98.121, 23.220.106.155"
172.21.5.172 - - [06/Jun/2024:07:28:25 +0000] "GET /red-knit-solid-asymmetrical-dress.html HTTP/1.1" 200 31 "-" "Mozilla/5.0 (compatible; SemrushBot/7~bl; +http://www.semrush.com/bot.html)" "85.208.96.208, 23.220.106.140, 23.46.239.78"
172.21.61.111 - - [06/Jun/2024:07:28:26 +0000] "GET /admin_m2sg/mui/index/render/key/36ca45fb50b8d7e19c18a5c12c9433f1b1bb10ca790df913763b935ecd026c6b/?namespace=notification_area&sorting%5Bfield%5D=created_at&sorting%5Bdirection%5D=asc&isAjax=true HTTP/1.1" 200 607 "https://www.luluandsky.com/admin_m2sg/indexer/indexer/list/key/f664cdbf6da23e6922e48f8c98e80dc0bc11f4da1dd2a805ad1ccfb16ccaf79b/" "Mozilla/5.0 (Macintosh; Intel Mac OS X 10_15_7) AppleWebKit/537.36 (KHTML, like Gecko) Chrome/125.0.0.0 Safari/537.36" "152.52.20.98, 96.17.169.46, 23.32.16.91"
172.21.61.111 - - [06/Jun/2024:07:28:26 +0000] "GET /premium-collection/retro_sunglasses-mom_jeans-boyleg-sports_bra.html HTTP/1.1" 500 527 "-" "Mozilla/5.0 (compatible; DataForSeoBot/1.0; +https://dataforseo.com/dataforseo-bot)" "136.243.220.210, 2.17.197.110, 23.220.180.54"
172.21.61.111 - - [06/Jun/2024:07:28:26 +0000] "GET /pub/up.html HTTP/1.1" 200 14 "-" "ELB-HealthChecker/2.0" "-"
172.21.5.172 - - [06/Jun/2024:07:28:26 +0000] "GET /wide-stripe-print-dark-blue-shirt.html HTTP/1.1" 500 124 "-" "Mozilla/5.0 (Linux; Android 6.0.1; Nexus 5X Build/MMB29P) AppleWebKit/537.36 (KHTML, like Gecko) Chrome/125.0.6422.141 Mobile Safari/537.36 (compatible; Googlebot/2.1; +http://www.google.com/bot.html)" "66.249.79.34, 23.36.15.167, 23.45.45.140"
172.21.46.236 - - [06/Jun/2024:07:28:26 +0000] "GET /customscript/alibaba/stock.php HTTP/1.1" 200 1971 "-" "curl/7.47.0" "3.228.98.121, 23.220.106.155"
172.21.5.172 - - [06/Jun/2024:07:28:27 +0000] "GET /pub/up.html HTTP/1.1" 200 14 "-" "ELB-HealthChecker/2.0" "-"
172.21.46.236 - - [06/Jun/2024:07:28:27 +0000] "GET /tie-strap-a-line-green-midi-dress.html HTTP/1.1" 500 124 "-" "Mozilla/5.0 (Linux; Android 6.0.1; Nexus 5X Build/MMB29P) AppleWebKit/537.36 (KHTML, like Gecko) Chrome/125.0.6422.141 Mobile Safari/537.36 (compatible; Googlebot/2.1; +http://www.google.com/bot.html)" "66.249.79.33, 23.36.15.167, 23.220.165.11"
172.21.65.101 - - [06/Jun/2024:07:28:27 +0000] "GET /graphic-print-loose-midi-t-shirt-dress.html HTTP/1.1" 500 124 "-" "Mozilla/5.0 (compatible; Googlebot/2.1; +http://www.google.com/bot.html)" "66.249.79.33, 23.36.15.167, 23.220.165.15"
172.21.61.111 - - [06/Jun/2024:07:28:27 +0000] "GET /premium-collection/bikini-wayfarers_and_square_frame_sunglasses-shirts-off_shoulder_and_bandeau_dresses.html HTTP/1.1" 500 526 "-" "Mozilla/5.0 (compatible; DataForSeoBot/1.0; +https://dataforseo.com/dataforseo-bot)" "136.243.220.210, 2.17.197.110, 23.220.180.84"
172.21.65.101 - - [06/Jun/2024:07:28:27 +0000] "GET /pub/up.html HTTP/1.1" 200 14 "-" "ELB-HealthChecker/2.0" "-"
172.21.61.111 - - [06/Jun/2024:07:28:27 +0000] "GET /purple-adjustable-strap-pu-shoulder-bag.html HTTP/1.1" 200 31 "-" "Mozilla/5.0 (compatible; SemrushBot/7~bl; +http://www.semrush.com/bot.html)" "185.191.171.10, 23.220.106.140, 23.201.31.173"
172.21.46.236 - - [06/Jun/2024:07:28:28 +0000] "GET /pub/up.html HTTP/1.1" 200 14 "-" "ELB-HealthChecker/2.0" "-"
172.21.90.149 - - [06/Jun/2024:07:28:28 +0000] "GET /pub/up.html HTTP/1.1" 200 14 "-" "ELB-HealthChecker/2.0" "-"
172.21.26.71 - - [06/Jun/2024:07:28:28 +0000] "GET /pub/up.html HTTP/1.1" 200 14 "-" "ELB-HealthChecker/2.0" "-"
172.21.5.172 - - [06/Jun/2024:07:28:28 +0000] "GET /akamai/sureroute-test-object.html HTTP/1.1" 200 3986 "-" "-" "127.0.0.1, 23.36.15.167"
172.21.46.236 - - [06/Jun/2024:07:28:28 +0000] "POST /custom/account/checksession/ HTTP/1.1" 200 64 "https://www.luluandsky.com/asymmetric-criss-cross-cut-out-black-top.html" "Mozilla/5.0 (compatible; Googlebot/2.1; +http://www.google.com/bot.html)" "66.249.79.33, 23.36.15.167, 104.78.78.46"
172.21.65.101 - - [06/Jun/2024:07:28:29 +0000] "GET /premium-collection/bikini-wayfarers_and_square_frame_sunglasses-shirts-blouses.html HTTP/1.1" 500 525 "-" "Mozilla/5.0 (compatible; DataForSeoBot/1.0; +https://dataforseo.com/dataforseo-bot)" "136.243.220.210, 2.17.197.110, 23.220.180.36"
172.21.65.101 - - [06/Jun/2024:07:28:29 +0000] "GET /fyorr-blue-and-black-collection-nail-polish-set-of-2-15-ml-each.html HTTP/1.1" 200 31 "-" "Mozilla/5.0 (compatible; SemrushBot/7~bl; +http://www.semrush.com/bot.html)" "85.208.96.207, 23.220.106.148, 23.46.239.31"
172.21.89.198 - - [06/Jun/2024:07:28:29 +0000] "GET /pub/up.html HTTP/1.1" 200 14 "-" "ELB-HealthChecker/2.0" "-"
172.21.5.172 - - [06/Jun/2024:07:28:31 +0000] "GET /premium-collection/bikini-wayfarers_and_square_frame_sunglasses-shirts-caps.html HTTP/1.1" 500 526 "-" "Mozilla/5.0 (compatible; DataForSeoBot/1.0; +https://dataforseo.com/dataforseo-bot)" "136.243.220.210, 2.17.197.110, 23.220.180.22"
172.21.90.149 - - [06/Jun/2024:07:28:31 +0000] "GET /baggy-babe-black-jeans.html HTTP/1.1" 500 124 "-" "Mozilla/5.0 (Linux; Android 6.0.1; Nexus 5X Build/MMB29P) AppleWebKit/537.36 (KHTML, like Gecko) Chrome/125.0.6422.141 Mobile Safari/537.36 (compatible; Googlebot/2.1; +http://www.google.com/bot.html)" "66.249.79.35, 23.36.15.167, 104.98.117.31"
172.21.61.111 - - [06/Jun/2024:07:28:33 +0000] "GET /premium-collection/culottes-asymmetrical_dresses-padded-bodycon.html HTTP/1.1" 500 523 "-" "Mozilla/5.0 (compatible; DataForSeoBot/1.0; +https://dataforseo.com/dataforseo-bot)" "136.243.220.210, 2.17.197.110, 23.220.180.31"
172.21.26.71 - - [06/Jun/2024:07:28:33 +0000] "GET /velour-black-slit-bodycon-dress.html HTTP/1.1" 500 124 "-" "Mozilla/5.0 (Linux; Android 6.0.1; Nexus 5X Build/MMB29P) AppleWebKit/537.36 (KHTML, like Gecko) Chrome/125.0.6422.141 Mobile Safari/537.36 (compatible; Googlebot/2.1; +http://www.google.com/bot.html)" "66.249.79.35, 23.36.15.167, 104.98.117.55"
172.21.61.111 - - [06/Jun/2024:07:28:34 +0000] "GET /do-the-stones-black-sandals.html HTTP/1.1" 500 124 "-" "Mozilla/5.0 (Linux; Android 6.0.1; Nexus 5X Build/MMB29P) AppleWebKit/537.36 (KHTML, like Gecko) Chrome/125.0.6422.141 Mobile Safari/537.36 (compatible; Googlebot/2.1; +http://www.google.com/bot.html)" "66.249.79.34, 23.36.15.167, 104.98.117.61"
172.21.26.71 - - [06/Jun/2024:07:28:34 +0000] "GET /beauty/skincare/face/panchvati-moody-femnora-august_bioscience-frescia-naturecave-natural_vibes-morish_botanicals-aadiva-organic_harvest-bioreva-khadi_essentials-azafran-bliscent-kairali-detoxie-skin_yoga-mcaffeine-dvaar-kleenowipe-pulpveda.html HTTP/1.1" 500 527 "-" "Mozilla/5.0 (Linux; Android 6.0.1; Nexus 5X Build/MMB29P) AppleWebKit/537.36 (KHTML, like Gecko) Chrome/125.0.6422.141 Mobile Safari/537.36 (compatible; GoogleOther)" "66.249.79.37, 23.200.82.11, 23.60.173.53"
172.21.26.71 - - [06/Jun/2024:07:28:34 +0000] "GET /premium-collection/corset_dresses-bracelets-culottes-hats.html HTTP/1.1" 500 527 "-" "Mozilla/5.0 (compatible; DataForSeoBot/1.0; +https://dataforseo.com/dataforseo-bot)" "136.243.220.210, 2.17.197.110, 23.220.180.61"
172.21.61.111 - - [06/Jun/2024:07:28:35 +0000] "GET / HTTP/1.1" 302 31 "-" "Amazon-Route53-Health-Check-Service (ref ab34e48b-c428-4863-bc2b-01b032b2536e; report http://amzn.to/1vsZADi)" "15.177.50.33"
172.21.90.149 - - [06/Jun/2024:07:28:35 +0000] "GET /premium-collection/bikini-wayfarers_and_square_frame_sunglasses-shirts-hats.html HTTP/1.1" 500 524 "-" "Mozilla/5.0 (compatible; DataForSeoBot/1.0; +https://dataforseo.com/dataforseo-bot)" "136.243.220.210, 2.17.197.110, 23.220.180.5"
172.21.61.111 - - [06/Jun/2024:07:28:36 +0000] "GET /pub/up.html HTTP/1.1" 200 14 "-" "ELB-HealthChecker/2.0" "-"
172.21.5.172 - - [06/Jun/2024:07:28:37 +0000] "GET /pub/up.html HTTP/1.1" 200 14 "-" "ELB-HealthChecker/2.0" "-"
172.21.5.172 - - [06/Jun/2024:07:28:37 +0000] "GET /premium-collection/culottes-asymmetrical_dresses-padded-yellow.html HTTP/1.1" 500 526 "-" "Mozilla/5.0 (compatible; DataForSeoBot/1.0; +https://dataforseo.com/dataforseo-bot)" "136.243.220.210, 2.17.197.110, 23.220.180.76"
172.21.65.101 - - [06/Jun/2024:07:28:37 +0000] "GET /pub/up.html HTTP/1.1" 200 14 "-" "ELB-HealthChecker/2.0" "-"
172.21.61.111 - - [06/Jun/2024:07:28:37 +0000] "POST /custom/account/shareurl/?productid=https://www.luluandsky.com/asymmetric-criss-cross-cut-out-black-top.html HTTP/1.1" 200 175 "https://www.luluandsky.com/asymmetric-criss-cross-cut-out-black-top.html" "Mozilla/5.0 (compatible; Googlebot/2.1; +http://www.google.com/bot.html)" "66.249.79.36, 23.36.15.199"
172.21.46.236 - - [06/Jun/2024:07:28:38 +0000] "GET /pub/up.html HTTP/1.1" 200 14 "-" "ELB-HealthChecker/2.0" "-"
172.21.90.149 - - [06/Jun/2024:07:28:38 +0000] "GET /pub/up.html HTTP/1.1" 200 14 "-" "ELB-HealthChecker/2.0" "-"
172.21.26.71 - - [06/Jun/2024:07:28:38 +0000] "GET /pub/up.html HTTP/1.1" 200 14 "-" "ELB-HealthChecker/2.0" "-"
172.21.65.101 - - [06/Jun/2024:07:28:38 +0000] "GET /grey-double-buttoned-straight-jeans.html HTTP/1.1" 500 124 "-" "Mozilla/5.0 (Linux; Android 6.0.1; Nexus 5X Build/MMB29P) AppleWebKit/537.36 (KHTML, like Gecko) Chrome/125.0.6422.141 Mobile Safari/537.36 (compatible; Googlebot/2.1; +http://www.google.com/bot.html)" "66.249.79.35, 23.36.15.167, 23.220.165.15"
172.21.5.172 - - [06/Jun/2024:07:28:39 +0000] "GET / HTTP/1.1" 302 31 "-" "Amazon-Route53-Health-Check-Service (ref ab34e48b-c428-4863-bc2b-01b032b2536e; report http://amzn.to/1vsZADi)" "15.177.26.210"
172.21.90.149 - - [06/Jun/2024:07:28:39 +0000] "GET /beauty/skincare/alphavedic-ajmal-provalo-nytarra-haru_haru_wonder-vegetal-vilasa-sopure-vigini-beme-moraze-kleenowipe-quikhenna-nyumi-mellow-alziba_cares-icawnic-winstonindia-kairali-maea-mcaffeine-evloy-nutriglow-shopaarel-urban_veda-rustic_art-st_botanica-dvaar-anuved-azafran-mgmeowgirl-etsley-vauriic-malibu-pulpveda.html HTTP/1.1" 500 526 "-" "Mozilla/5.0 AppleWebKit/537.36 (KHTML, like Gecko; compatible; bingbot/2.0; +http://www.bing.com/bingbot.htm) Chrome/116.0.1938.76 Safari/537.36" "40.77.167.28, 23.44.98.123, 23.46.28.47"
172.21.89.198 - - [06/Jun/2024:07:28:40 +0000] "GET /pub/up.html HTTP/1.1" 200 14 "-" "ELB-HealthChecker/2.0" "-"
172.21.61.111 - - [06/Jun/2024:07:28:40 +0000] "GET /asymmetrical-tulle-frill-black-dress.html HTTP/1.1" 500 124 "-" "Mozilla/5.0 (Linux; Android 6.0.1; Nexus 5X Build/MMB29P) AppleWebKit/537.36 (KHTML, like Gecko) Chrome/125.0.6422.141 Mobile Safari/537.36 (compatible; Googlebot/2.1; +http://www.google.com/bot.html)" "66.249.79.34, 23.36.15.167, 104.98.117.61"
172.21.90.149 - - [06/Jun/2024:07:28:40 +0000] "GET /women/sets-bikini-bodycon-cropped_jeans-bralette-mom_jeans-thongbody-nightdresses-skinny_jeans-jumpsuits-padded-collars-denim_dresses-thong-sports-tunic_tops-dungarees-cover_ups-swimsuit-ripped_jeans-denim_tops-playsuits_and_rompers-t_shirt_bra.html HTTP/1.1" 500 525 "-" "Mozilla/5.0 (Linux; Android 6.0.1; Nexus 5X Build/MMB29P) AppleWebKit/537.36 (KHTML, like Gecko) Chrome/125.0.6422.141 Mobile Safari/537.36 (compatible; Googlebot/2.1; +http://www.google.com/bot.html)" "66.249.79.35, 23.36.15.167, 104.98.117.20"
172.21.46.236 - - [06/Jun/2024:07:28:40 +0000] "POST /custom/account/checksession/ HTTP/1.1" 200 64 "https://www.luluandsky.com/tie-strap-a-line-green-midi-dress.html" "Mozilla/5.0 (Linux; Android 6.0.1; Nexus 5X Build/MMB29P) AppleWebKit/537.36 (KHTML, like Gecko) Chrome/125.0.6422.168 Mobile Safari/537.36 (compatible; Googlebot/2.1; +http://www.google.com/bot.html)" "66.249.79.33, 23.36.15.167, 104.78.78.46"
172.21.46.236 - - [06/Jun/2024:07:28:41 +0000] "GET /pink-jacquard-print-lace-up-bodycon-dress.html HTTP/1.1" 500 124 "-" "Mozilla/5.0 (compatible; Googlebot/2.1; +http://www.google.com/bot.html)" "66.249.79.34, 23.36.15.167, 23.45.45.151"
172.21.90.149 - - [06/Jun/2024:07:28:41 +0000] "GET / HTTP/1.1" 302 31 "-" "Amazon-Route53-Health-Check-Service (ref ab34e48b-c428-4863-bc2b-01b032b2536e; report http://amzn.to/1vsZADi)" "15.177.58.164"
172.21.90.149 - - [06/Jun/2024:07:28:42 +0000] "GET /premium-collection/culottes-asymmetrical_dresses-padded-skinny_jeans.html HTTP/1.1" 500 525 "-" "Mozilla/5.0 (compatible; DataForSeoBot/1.0; +https://dataforseo.com/dataforseo-bot)" "136.243.220.210, 2.17.197.110, 23.220.180.12"
172.21.65.101 - - [06/Jun/2024:07:28:42 +0000] "GET /women/skater_dresses-shift_dresses-t_shirt_bra-skater_skirts-multi-red.html?product_list_dir=desc&product_list_order=special_price HTTP/1.1" 500 526 "-" "facebookexternalhit/1.1 (+http://www.facebook.com/externalhit_uatext.php)" "69.171.230.18, 23.53.121.22, 23.203.164.26"
172.21.46.236 - - [06/Jun/2024:07:28:42 +0000] "GET /pub/static/frontend/LuluSky/Vintage/en_US/mage/menu.min.js HTTP/1.1" 200 0 "https://www.luluandsky.com/criss-cross-red-belt.html" "Mozilla/5.0 (compatible; Googlebot/2.1; +http://www.google.com/bot.html)" "66.249.79.34, 23.36.15.167, 23.48.100.177"
172.21.46.236 - - [06/Jun/2024:07:28:42 +0000] "GET /pub/static/frontend/LuluSky/Vintage/en_US/mage/bootstrap.min.js HTTP/1.1" 200 149 "https://www.luluandsky.com/criss-cross-red-belt.html" "Mozilla/5.0 (compatible; Googlebot/2.1; +http://www.google.com/bot.html)" "66.249.79.36, 23.36.15.199, 23.48.100.177"
172.21.5.172 - - [06/Jun/2024:07:28:43 +0000] "GET /the-perfect-rip-light-blue-denim-jeans.html HTTP/1.1" 500 124 "-" "Mozilla/5.0 (compatible; Googlebot/2.1; +http://www.google.com/bot.html)" "66.249.79.35, 23.36.15.167"
